******************************************************************************
                  TI ARM Linker PC v16.9.1                     
******************************************************************************
>> Linked Mon Mar 20 17:46:56 2017

OUTPUT FILE NAME:   <Prjct_ADC_rtos.out>
ENTRY POINT SYMBOL: "_c_int00"  address: 00001d49


MEMORY CONFIGURATION

         name            origin    length      used     unused   attr    fill
----------------------  --------  ---------  --------  --------  ----  --------
  MAIN                  00000000   00040000  00003a4a  0003c5b6  R  X
  INFO                  00200000   00004000  00000000  00004000  R  X
  SRAM_CODE             01000000   00010000  00000000  00010000  RW X
  SRAM_DATA             20000000   00010000  00008db3  0000724d  RW  


SEGMENT ALLOCATION MAP

run origin  load origin   length   init length attrs members
----------  ----------- ---------- ----------- ----- -------
00000000    00000000    00003a50   00003a50    r-x
  00000000    00000000    0000003c   0000003c    r-- .resetVecs
  00000040    00000040    00003422   00003422    r-x .text
  00003464    00003464    000003dc   000003dc    r-- .const
  00003840    00003840    00000210   00000210    r-- .cinit
20000140    20000140    00008000   00000000    r--
  20000140    20000140    00008000   00000000    r-- .priheap
20008140    20008140    00000874   00000000    rw-
  20008140    20008140    0000052f   00000000    rw- .data
  20008670    20008670    00000344   00000000    rw- .bss
2000fc00    2000fc00    00000400   00000000    rw-
  2000fc00    2000fc00    00000400   00000000    rw- .stack


SECTION ALLOCATION MAP

 output                                  attributes/
section   page    origin      length       input sections
--------  ----  ----------  ----------   ----------------
.text      0    00000040    00003422     
                  00000040    000002d0     drivers_msp432p4xx.aem4f : PowerMSP432.oem4f (.text:Power_sleep)
                  00000310    0000014c                              : PowerMSP432.oem4f (.text:initPerfControl)
                  0000045c    00000004     dpl_msp432p4xx.aem4f : HwiP_tirtos.oem4f (.text:HwiP_disable)
                  00000460    00000130     sysbios.aem4f : BIOS.obj (.text:ti_sysbios_knl_Semaphore_pend__E)
                  00000590    00000118     drivers_msp432p4xx.aem4f : ADCMSP432.oem4f (.text:ADCMSP432_convert)
                  000006a8    00000108     sysbios.aem4f : BIOS.obj (.text:xdc_runtime_Startup_startMods__I)
                  000007b0    000000fc                   : BIOS.obj (.text:ti_sysbios_family_arm_msp432_init_Boot_configureClocksHigh)
                  000008ac    00000004     drivers_msp432p4xx.aem4f : List.oem4f (.text:List_head)
                  000008b0    000000ec     sysbios.aem4f : BIOS.obj (.text:pthread_create)
                  0000099c    000000ec                   : m3_Hwi_asm.obj (.text:ti_sysbios_family_arm_m3_Hwi_dispatch__I)
                  00000a88    000000e0     msp432p4xx_driverlib.lib : cs.o (.text:CS_initClockSignal)
                  00000b68    000000d0     sysbios.aem4f : BIOS.obj (.text:ti_sysbios_heaps_HeapMem_alloc__E)
                  00000c38    000000c0                   : BIOS.obj (.text:ti_sysbios_knl_Task_Instance_init__E)
                  00000cf8    000000bc                   : BIOS.obj (.text:ti_sysbios_knl_Task_Instance_finalize__E)
                  00000db4    00000004     drivers_msp432p4xx.aem4f : List.oem4f (.text:List_next)
                  00000db8    000000a8     sysbios.aem4f : BIOS.obj (.text:ti_sysbios_family_arm_msp432_Timer_periodicStub__E)
                  00000e60    000000a8                   : BIOS.obj (.text:xdc_runtime_Core_createObject__I)
                  00000f08    000000a4                   : BIOS.obj (.text:ti_sysbios_knl_Task_setPri__E)
                  00000fac    000000a0     auto_init.aem4f : auto_init.oem4f (.text)
                  0000104c    0000009c     rtsv7M4_T_le_v4SPD16_eabi.lib : memcpy_t2.obj (.text)
                  000010e8    00000098     drivers_msp432p4xx.aem4f : ADCMSP432.oem4f (.text:ADCMSP432_open)
                  00001180    00000094     sysbios.aem4f : BIOS.obj (.text:_pthread_removeThreadKeys)
                  00001214    00000004     release_pem4f.oem4f (.text:ti_sysbios_BIOS_RtsGateProxy_enter__E)
                  00001218    00000094     sysbios.aem4f : BIOS.obj (.text:ti_sysbios_family_arm_m3_Hwi_initNVIC__E)
                  000012ac    0000008c                   : m3_TaskSupport_asm.obj (.text:ti_sysbios_family_arm_m3_TaskSupport_buildTaskStack)
                  00001338    0000008c                   : BIOS.obj (.text:ti_sysbios_knl_Task_postInit__I)
                  000013c4    00000004     release_pem4f.oem4f (.text:ti_sysbios_BIOS_RtsGateProxy_leave__E)
                  000013c8    00000088     sysbios.aem4f : BIOS.obj (.text:xdc_runtime_Memory_alloc__E)
                  00001450    00000084                   : BIOS.obj (.text:ti_sysbios_family_arm_m3_Hwi_postInit__I)
                  000014d4    00000004     release_pem4f.oem4f (.text:ti_sysbios_family_arm_m3_TaskSupport_Module__startupDone__S)
                  000014d8    00000084     sysbios.aem4f : BIOS.obj (.text:ti_sysbios_heaps_HeapMem_free__E)
                  0000155c    00000004     release_pem4f.oem4f (.text:ti_sysbios_heaps_HeapMem_Module_GateProxy_enter__E)
                  00001560    00000084     sysbios.aem4f : BIOS.obj (.text:xdc_runtime_Core_constructObject__I)
                  000015e4    00000004     release_pem4f.oem4f (.text:ti_sysbios_heaps_HeapMem_Module_GateProxy_leave__E)
                  000015e8    0000007c     sysbios.aem4f : BIOS.obj (.text:_pthread_runStub)
                  00001664    0000007a     rtsv7M4_T_le_v4SPD16_eabi.lib : memset_t2.obj (.text)
                  000016de    00000002     drivers_msp432p4xx.aem4f : ADCMSP432.oem4f (.text:ADCMSP432_init)
                  000016e0    00000070     sysbios.aem4f : BIOS.obj (.text:ti_sysbios_heaps_HeapMem_initPrimary__I)
                  00001750    00000070                   : BIOS.obj (.text:ti_sysbios_knl_Semaphore_post__E)
                  000017c0    00000070                   : BIOS.obj (.text:ti_sysbios_knl_Task_exit__E)
                  00001830    0000006c                   : BIOS.obj (.text:ti_sysbios_knl_Clock_workFunc__E)
                  0000189c    00000004     release_pem4f.oem4f (.text:ti_sysbios_knl_Clock_TimerProxy_getMaxTicks__E)
                  000018a0    0000006c     sysbios.aem4f : BIOS.obj (.text:ti_sysbios_knl_Swi_restoreHwi__E)
                  0000190c    00000068     rtsv7M4_T_le_v4SPD16_eabi.lib : copy_decompress_lzss.obj (.text:decompress:lzss)
                  00001974    00000068     main_tirtos.obj (.text:main)
                  000019dc    00000004     release_pem4f.oem4f (.text:ti_sysbios_knl_Semaphore_delete)
                  000019e0    00000066     sysbios.aem4f : BIOS.obj (.text:xdc_runtime_Core_deleteObject__I)
                  00001a46    00000002     dpl_msp432p4xx.aem4f : PowerMSP432_tirtos.oem4f (.text:PowerMSP432_initPolicy)
                  00001a48    00000064     sysbios.aem4f : BIOS.obj (.text:ti_sysbios_family_arm_m3_Hwi_dispatchC__I)
                  00001aac    00000060     drivers_msp432p4xx.aem4f : ADCMSP432.oem4f (.text:ADCMSP432_close)
                  00001b0c    00000004     release_pem4f.oem4f (.text:xdc_runtime_System_Module_GateProxy_enter__E)
                  00001b10    0000005c     sysbios.aem4f : BIOS.obj (.text:ti_sysbios_knl_Swi_run__I)
                  00001b6c    00000004     release_pem4f.oem4f (.text:xdc_runtime_System_Module_GateProxy_leave__E)
                  00001b70    0000005c     sysbios.aem4f : BIOS.obj (.text:ti_sysbios_knl_Swi_schedule__I)
                  00001bcc    00000002     release_pem4f.oem4f (.text:ti_sysbios_BIOS_nullFunc__I)
                  00001bce    00000002     --HOLE-- [fill = 0]
                  00001bd0    0000005c     sysbios.aem4f : BIOS.obj (.text:ti_sysbios_knl_Task_Module_startup__E)
                  00001c2c    00000004     --HOLE-- [fill = 0]
                  00001c30    0000005c                   : BIOS.obj (.text:ti_sysbios_knl_Task_startCore__E)
                  00001c8c    00000004     --HOLE-- [fill = 0]
                  00001c90    0000005c                   : BIOS.obj (.text:xdc_runtime_Startup_exec__E)
                  00001cec    0000005a     drivers_msp432p4xx.aem4f : ADCMSP432.oem4f (.text:initHw)
                  00001d46    00000002     --HOLE-- [fill = 0]
                  00001d48    00000058     boot.aem4f : boot.oem4f (.text)
                  00001da0    00000058     sysbios.aem4f : m3_Hwi_asm_switch.obj (.text:ti_sysbios_family_arm_m3_Hwi_initStacks__E)
                  00001df8    00000054     drivers_msp432p4xx.aem4f : PowerMSP432.oem4f (.text:Power_init)
                  00001e4c    00000004     --HOLE-- [fill = 0]
                  00001e50    00000054     sysbios.aem4f : BIOS.obj (.text:ti_sysbios_family_arm_msp432_Timer_initDevice__I)
                  00001ea4    00000004     --HOLE-- [fill = 0]
                  00001ea8    00000054                   : BIOS.obj (.text:xdc_runtime_Core_assignLabel__I)
                  00001efc    00000050     drivers_msp432p4xx.aem4f : ADCMSP432.oem4f (.text:ADCMSP432_convertRawToMicroVolts)
                  00001f4c    00000050     dpl_msp432p4xx.aem4f : PowerMSP432_tirtos.oem4f (.text:PowerMSP432_sleepPolicy)
                  00001f9c    00000004     --HOLE-- [fill = 0]
                  00001fa0    00000050     sysbios.aem4f : BIOS.obj (.text:ti_sysbios_family_arm_m3_Hwi_Module_startup__E)
                  00001ff0    00000050     release_pem4f.oem4f (.text:ti_sysbios_knl_Task_create)
                  00002040    0000004c     rtsv7M4_T_le_v4SPD16_eabi.lib : cpy_tbl.obj (.text)
                  0000208c    00000004     --HOLE-- [fill = 0]
                  00002090    0000004c     sysbios.aem4f : BIOS.obj (.text:ti_sysbios_family_arm_msp432_Timer_postInit__I)
                  000020dc    00000004     --HOLE-- [fill = 0]
                  000020e0    0000004c                   : BIOS.obj (.text:ti_sysbios_family_arm_msp432_Timer_start__E)
                  0000212c    00000004     --HOLE-- [fill = 0]
                  00002130    0000004c                   : BIOS.obj (.text:ti_sysbios_heaps_HeapMem_getStats__E)
                  0000217c    00000004     --HOLE-- [fill = 0]
                  00002180    0000004c                   : BIOS.obj (.text:ti_sysbios_knl_Swi_runLoop__I)
                  000021cc    00000004     --HOLE-- [fill = 0]
                  000021d0    0000004c                   : BIOS.obj (.text:ti_sysbios_knl_Task_allBlockedFunction__I)
                  0000221c    00000004     --HOLE-- [fill = 0]
                  00002220    0000004c                   : BIOS.obj (.text:ti_sysbios_knl_Task_schedule__I)
                  0000226c    00000048     drivers_msp432p4xx.aem4f : PowerMSP432.oem4f (.text:Power_releaseConstraint)
                  000022b4    00000004     --HOLE-- [fill = 0]
                  000022b8    00000048     sysbios.aem4f : BIOS.obj (.text:ti_sysbios_family_arm_m3_Hwi_enableInterrupt__E)
                  00002300    00000048                   : BIOS.obj (.text:ti_sysbios_knl_Mailbox_Module_startup__E)
                  00002348    00000046                   : BIOS.obj (.text:xdc_runtime_Core_assignParams__I)
                  0000238e    00000002     --HOLE-- [fill = 0]
                  00002390    00000044     drivers_msp432p4xx.aem4f : ADC.oem4f (.text:ADC_init)
                  000023d4    00000004     --HOLE-- [fill = 0]
                  000023d8    00000044     sysbios.aem4f : BIOS.obj (.text:ti_sysbios_family_arm_m3_Hwi_getStackInfo__E)
                  0000241c    00000004     --HOLE-- [fill = 0]
                  00002420    00000044                   : BIOS.obj (.text:ti_sysbios_family_arm_msp432_Seconds_Module_startup__E)
                  00002464    00000004     --HOLE-- [fill = 0]
                  00002468    00000044                   : BIOS.obj (.text:ti_sysbios_knl_Swi_post__E)
                  000024ac    00000004     --HOLE-- [fill = 0]
                  000024b0    00000044                   : BIOS.obj (.text:xdc_runtime_System_atexit__E)
                  000024f4    00000040     dpl_msp432p4xx.aem4f : SemaphoreP_tirtos.oem4f (.text:SemaphoreP_create)
                  00002534    00000040     drivers_msp432p4xx.aem4f : PowerMSP432.oem4f (.text:notify)
                  00002574    00000040                              : PowerMSP432.oem4f (.text:restartHFXT)
                  000025b4    00000004     --HOLE-- [fill = 0]
                  000025b8    00000040     sysbios.aem4f : BIOS.obj (.text:ti_sysbios_family_arm_msp432_Timer_Module_startup__E)
                  000025f8    00000040                   : BIOS.obj (.text:ti_sysbios_family_arm_msp432_Timer_startup__E)
                  00002638    00000040                   : BIOS.obj (.text:ti_sysbios_heaps_HeapMem_Instance_init__E)
                  00002678    0000003c     drivers_msp432p4xx.aem4f : ADC.oem4f (.text:ADC_open)
                  000026b4    00000004     --HOLE-- [fill = 0]
                  000026b8    0000003c     sysbios.aem4f : BIOS.obj (.text:ti_sysbios_knl_Swi_restore__E)
                  000026f4    00000038     drivers_msp432p4xx.aem4f : PowerMSP432.oem4f (.text:Power_setConstraint)
                  0000272c    00000034     release_pem4f.oem4f (.text:ti_sysbios_knl_Semaphore_create)
                  00002760    00000032     prjct_adc_rtos.obj (.text:mainThread)
                  00002792    00000006     drivers_msp432p4xx.aem4f : ADCMSP432.oem4f (.text:ADCMSP432_control)
                  00002798    00000032     sysbios.aem4f : BIOS.obj (.text:ti_sysbios_hal_Hwi_initStack)
                  000027ca    00000002     --HOLE-- [fill = 0]
                  000027cc    00000030     release_pem4f.oem4f (.text:ti_sysbios_BIOS_atExitFunc__I)
                  000027fc    00000030     release_pem4f.oem4f (.text:ti_sysbios_BIOS_startFunc__I)
                  0000282c    00000004     --HOLE-- [fill = 0]
                  00002830    00000030     sysbios.aem4f : BIOS.obj (.text:ti_sysbios_family_arm_m3_TaskSupport_start__E)
                  00002860    00000030     release_pem4f.oem4f (.text:ti_sysbios_gates_GateHwi_Object__create__S)
                  00002890    00000030     release_pem4f.oem4f (.text:ti_sysbios_gates_GateMutex_Object__create__S)
                  000028c0    00000030     sysbios.aem4f : BIOS.obj (.text:ti_sysbios_gates_GateMutex_enter__E)
                  000028f0    00000030     release_pem4f.oem4f (.text:ti_sysbios_heaps_HeapMem_Object__create__S)
                  00002920    00000030     sysbios.aem4f : BIOS.obj (.text:ti_sysbios_knl_Mailbox_postInit__I)
                  00002950    00000030     release_pem4f.oem4f (.text:ti_sysbios_knl_Semaphore_construct)
                  00002980    00000030     sysbios.aem4f : BIOS.obj (.text:ti_sysbios_knl_Semaphore_pendTimeout__I)
                  000029b0    00000030                   : BIOS.obj (.text:ti_sysbios_knl_Task_processVitalTaskFlag__I)
                  000029e0    00000030                   : BIOS.obj (.text:ti_sysbios_knl_Task_unblockI__E)
                  00002a10    00000030                   : BIOS.obj (.text:xdc_runtime_System_processAtExit__E)
                  00002a40    0000002c     dpl_msp432p4xx.aem4f : PowerMSP432_tirtos.oem4f (.text:PowerMSP432_updateFreqs)
                  00002a6c    0000002c     release_pem4f.oem4f (.text:ti_sysbios_knl_Clock_doTick__I)
                  00002a98    0000002c     release_pem4f.oem4f (.text:ti_sysbios_knl_Queue_construct)
                  00002ac4    00000004     --HOLE-- [fill = 0]
                  00002ac8    0000002c     sysbios.aem4f : BIOS.obj (.text:ti_sysbios_knl_Task_restore__E)
                  00002af4    00000028     drivers_msp432p4xx.aem4f : PowerMSP432.oem4f (.text:disableHFXT)
                  00002b1c    00000004     --HOLE-- [fill = 0]
                  00002b20    00000028     sysbios.aem4f : BIOS.obj (.text:ti_sysbios_knl_Clock_addI__E)
                  00002b48    00000028                   : BIOS.obj (.text:ti_sysbios_knl_Swi_Module_startup__E)
                  00002b70    00000026                   : m3_Hwi_asm.obj (.text:ti_sysbios_family_arm_m3_Hwi_pendSV__I)
                  00002b96    00000002     --HOLE-- [fill = 0]
                  00002b98    00000024     msp432p4xx_driverlib.lib : cs.o (.text:CS_setDCOCenteredFrequency)
                  00002bbc    00000004     --HOLE-- [fill = 0]
                  00002bc0    00000024     sysbios.aem4f : BIOS.obj (.text:pthread_attr_init)
                  00002be4    00000024     release_pem4f.oem4f (.text:ti_sysbios_BIOS_registerRTSLock__I)
                  00002c08    00000024     release_pem4f.oem4f (.text:ti_sysbios_BIOS_removeRTSLock__I)
                  00002c2c    00000004     --HOLE-- [fill = 0]
                  00002c30    00000024     sysbios.aem4f : BIOS.obj (.text:ti_sysbios_family_arm_msp432_ClockFreqs_setFrequency__E)
                  00002c54    00000024     release_pem4f.oem4f (.text:ti_sysbios_gates_GateMutex_Object__delete__S)
                  00002c78    00000024     sysbios.aem4f : BIOS.obj (.text:ti_sysbios_knl_Clock_Module_startup__E)
                  00002c9c    00000004     --HOLE-- [fill = 0]
                  00002ca0    00000024                   : BIOS.obj (.text:ti_sysbios_knl_Semaphore_Instance_init__E)
                  00002cc4    00000024     release_pem4f.oem4f (.text:ti_sysbios_knl_Semaphore_Object__delete__S)
                  00002ce8    00000024     sysbios.aem4f : BIOS.obj (.text:ti_sysbios_knl_Task_restoreHwi__E)
                  00002d0c    00000004     --HOLE-- [fill = 0]
                  00002d10    00000024                   : BIOS.obj (.text:xdc_runtime_Error_policyMin__E)
                  00002d34    00000004     --HOLE-- [fill = 0]
                  00002d38    00000024                   : BIOS.obj (.text:xdc_runtime_System_abort__E)
                  00002d5c    00000020     release_pem4f.oem4f (.text:ti_sysbios_BIOS_rtsLock__I)
                  00002d7c    00000020     sysbios.aem4f : m3_Hwi_asm.obj (.text:ti_sysbios_family_arm_m3_Hwi_excHandlerAsm__I)
                  00002d9c    00000004     --HOLE-- [fill = 0]
                  00002da0    00000020                   : BIOS.obj (.text:ti_sysbios_family_arm_m3_Hwi_excHandler__I)
                  00002dc0    00000020     release_pem4f.oem4f (.text:ti_sysbios_gates_GateHwi_Object__delete__S)
                  00002de0    00000020     release_pem4f.oem4f (.text:ti_sysbios_heaps_HeapMem_Object__delete__S)
                  00002e00    00000020     sysbios.aem4f : BIOS.obj (.text:ti_sysbios_knl_Idle_run__E)
                  00002e20    00000020     release_pem4f.oem4f (.text:ti_sysbios_knl_Semaphore_destruct)
                  00002e40    0000001e     sysbios.aem4f : m3_Hwi_asm_switch.obj (.text:ti_sysbios_family_xxx_Hwi_switchAndRunFunc)
                  00002e5e    00000002     --HOLE-- [fill = 0]
                  00002e60    0000001c                   : BIOS.obj (.text:_pthread_cleanup_pop)
                  00002e7c    00000004     --HOLE-- [fill = 0]
                  00002e80    0000001c                   : BIOS.obj (.text:ti_sysbios_gates_GateMutex_Instance_init__E)
                  00002e9c    0000001c     release_pem4f.oem4f (.text:ti_sysbios_knl_Queue_destruct)
                  00002eb8    0000001c     sysbios.aem4f : BIOS.obj (.text:ti_sysbios_knl_Queue_put__E)
                  00002ed4    00000004     --HOLE-- [fill = 0]
                  00002ed8    0000001c                   : BIOS.obj (.text:ti_sysbios_knl_Task_enter__I)
                  00002ef4    00000004     --HOLE-- [fill = 0]
                  00002ef8    0000001c                   : BIOS.obj (.text:xdc_runtime_Memory_valloc__E)
                  00002f14    00000018     release_pem4f.oem4f (.text:.bootCodeSection:ti_sysbios_family_arm_msp432_init_Boot_init__I)
                  00002f2c    00000018     drivers_msp432p4xx.aem4f : PowerMSP432.oem4f (.text:Power_idleFunc)
                  00002f44    00000004     --HOLE-- [fill = 0]
                  00002f48    00000018     sysbios.aem4f : BIOS.obj (.text:pthread_attr_setschedparam)
                  00002f60    00000018     rtsv7M4_T_le_v4SPD16_eabi.lib : args_main.obj (.text)
                  00002f78    00000018     release_pem4f.oem4f (.text:ti_sysbios_BIOS_rtsUnlock__I)
                  00002f90    00000018     release_pem4f.oem4f (.text:ti_sysbios_family_arm_m3_Hwi_Module__startupDone__F)
                  00002fa8    00000018     sysbios.aem4f : m3_TaskSupport_asm.obj (.text:ti_sysbios_family_arm_m3_TaskSupport_swap__E)
                  00002fc0    00000018     release_pem4f.oem4f (.text:ti_sysbios_family_arm_msp432_Timer_Module__startupDone__F)
                  00002fd8    00000018     release_pem4f.oem4f (.text:ti_sysbios_gates_GateHwi_Handle__label__S)
                  00002ff0    00000018     release_pem4f.oem4f (.text:ti_sysbios_gates_GateMutex_Handle__label__S)
                  00003008    00000018     sysbios.aem4f : BIOS.obj (.text:ti_sysbios_gates_GateMutex_leave__E)
                  00003020    00000018     release_pem4f.oem4f (.text:ti_sysbios_heaps_HeapMem_Handle__label__S)
                  00003038    00000018     sysbios.aem4f : BIOS.obj (.text:xdc_runtime_Error_init__E)
                  00003050    00000018                   : BIOS.obj (.text:xdc_runtime_System_exit__E)
                  00003068    00000016     release_pem4f.oem4f (.text:ti_sysbios_BIOS_exitFunc__I)
                  0000307e    00000002     --HOLE-- [fill = 0]
                  00003080    00000016     sysbios.aem4f : BIOS.obj (.text:ti_sysbios_knl_Task_unblock__E)
                  00003096    00000002     --HOLE-- [fill = 0]
                  00003098    00000014     rtsv7M4_T_le_v4SPD16_eabi.lib : _lock.obj (.text)
                  000030ac    00000014     release_pem4f.oem4f (.text:ti_sysbios_family_arm_m3_Hwi_Object__get__S)
                  000030c0    00000014     sysbios.aem4f : BIOS.obj (.text:ti_sysbios_family_arm_m3_Hwi_switchFromBootStack__E)
                  000030d4    00000014     release_pem4f.oem4f (.text:ti_sysbios_heaps_HeapMem_Object__get__S)
                  000030e8    00000014     release_pem4f.oem4f (.text:ti_sysbios_knl_Swi_Object__get__S)
                  000030fc    00000012     dpl_msp432p4xx.aem4f : SemaphoreP_tirtos.oem4f (.text:SemaphoreP_pend)
                  0000310e    00000002     --HOLE-- [fill = 0]
                  00003110    00000012     sysbios.aem4f : BIOS.obj (.text:ti_sysbios_hal_Hwi_Module_startup__E)
                  00003122    00000012     release_pem4f.oem4f (.text:xdc_runtime_Startup_exec__I)
                  00003134    00000010     msp432p4xx_driverlib.lib : sysctl.o (.text:SysCtl_disableNMISource)
                  00003144    00000010                              : sysctl.o (.text:SysCtl_enableNMISource)
                  00003154    00000010                              : sysctl.o (.text:SysCtl_getNMISourceStatus)
                  00003164    00000004     --HOLE-- [fill = 0]
                  00003168    00000010     sysbios.aem4f : BIOS.obj (.text:ti_sysbios_BIOS_exit__E)
                  00003178    00000010                   : BIOS.obj (.text:ti_sysbios_BIOS_setCpuFreq__E)
                  00003188    00000010                   : BIOS.obj (.text:ti_sysbios_BIOS_setThreadType__E)
                  00003198    00000010                   : BIOS.obj (.text:ti_sysbios_BIOS_start__E)
                  000031a8    00000010                   : m3_TaskSupport_asm.obj (.text:ti_sysbios_family_arm_m3_TaskSupport_glue)
                  000031b8    00000010                   : BIOS.obj (.text:ti_sysbios_family_arm_msp432_init_Boot_disableWatchdog)
                  000031c8    00000010                   : BIOS.obj (.text:ti_sysbios_gates_GateMutex_Instance_finalize__E)
                  000031d8    00000010     release_pem4f.oem4f (.text:ti_sysbios_knl_Mailbox_Object__get__S)
                  000031e8    00000010     sysbios.aem4f : BIOS.obj (.text:ti_sysbios_knl_Semaphore_Instance_finalize__E)
                  000031f8    00000010                   : BIOS.obj (.text:ti_sysbios_knl_Swi_disable__E)
                  00003208    00000010     release_pem4f.oem4f (.text:ti_sysbios_knl_Task_Object__get__S)
                  00003218    00000010     sysbios.aem4f : BIOS.obj (.text:ti_sysbios_knl_Task_disable__E)
                  00003228    00000010                   : BIOS.obj (.text:xdc_runtime_Gate_leaveSystem__E)
                  00003238    00000010                   : BIOS.obj (.text:xdc_runtime_Memory_free__E)
                  00003248    00000010                   : BIOS.obj (.text:xdc_runtime_SysCallback_abort__E)
                  00003258    00000010                   : BIOS.obj (.text:xdc_runtime_SysCallback_exit__E)
                  00003268    0000000e     dpl_msp432p4xx.aem4f : SemaphoreP_tirtos.oem4f (.text:SemaphoreP_delete)
                  00003276    0000000e     rtsv7M4_T_le_v4SPD16_eabi.lib : copy_decompress_none.obj (.text:decompress:none)
                  00003284    00000004     --HOLE-- [fill = 0]
                  00003288    0000000e     sysbios.aem4f : BIOS.obj (.text:pthread_attr_setdetachstate)
                  00003296    00000002     --HOLE-- [fill = 0]
                  00003298    0000000e                   : BIOS.obj (.text:ti_sysbios_knl_Idle_loop__E)
                  000032a6    00000002     --HOLE-- [fill = 0]
                  000032a8    0000000e                   : BIOS.obj (.text:ti_sysbios_knl_Queue_empty__E)
                  000032b6    0000000c     msp432p4xx_driverlib.lib : cpu.o (.text:CPU_cpsid)
                  000032c2    0000000c                              : cpu.o (.text:CPU_cpsie)
                  000032ce    00000002     --HOLE-- [fill = 0]
                  000032d0    0000000c     drivers_msp432p4xx.aem4f : PowerMSP432.oem4f (.text:Power_getConstraintMask)
                  000032dc    0000000c     rtsv7M4_T_le_v4SPD16_eabi.lib : copy_zero_init.obj (.text:decompress:ZI)
                  000032e8    0000000c     sysbios.aem4f : BIOS.obj (.text:pthread_self)
                  000032f4    00000004     --HOLE-- [fill = 0]
                  000032f8    0000000c                   : BIOS.obj (.text:ti_sysbios_family_arm_m3_Hwi_disableFxn__E)
                  00003304    00000004     --HOLE-- [fill = 0]
                  00003308    0000000c                   : BIOS.obj (.text:ti_sysbios_family_arm_m3_TaskSupport_getStackAlignment__E)
                  00003314    00000004     --HOLE-- [fill = 0]
                  00003318    0000000c                   : BIOS.obj (.text:ti_sysbios_family_arm_msp432_Timer_getMaxTicks__E)
                  00003324    00000004     --HOLE-- [fill = 0]
                  00003328    0000000c                   : BIOS.obj (.text:ti_sysbios_gates_GateHwi_enter__E)
                  00003334    0000000c     release_pem4f.oem4f (.text:ti_sysbios_knl_Queue_Object__get__S)
                  00003340    0000000c     release_pem4f.oem4f (.text:ti_sysbios_knl_Semaphore_Params__init__S)
                  0000334c    0000000c     release_pem4f.oem4f (.text:ti_sysbios_knl_Task_Params__init__S)
                  00003358    0000000c     sysbios.aem4f : BIOS.obj (.text:xdc_runtime_Gate_enterSystem__E)
                  00003364    00000004     --HOLE-- [fill = 0]
                  00003368    0000000c                   : BIOS.obj (.text:xdc_runtime_Startup_rtsDone__E)
                  00003374    0000000a     drivers_msp432p4xx.aem4f : ADC.oem4f (.text:ADC_Params_init)
                  0000337e    0000000a                              : ADC.oem4f (.text:ADC_convert)
                  00003388    0000000a                              : ADC.oem4f (.text:ADC_convertRawToMicroVolts)
                  00003392    0000000a     dpl_msp432p4xx.aem4f : SemaphoreP_tirtos.oem4f (.text:SemaphoreP_Params_init)
                  0000339c    0000000a                          : SemaphoreP_tirtos.oem4f (.text:SemaphoreP_post)
                  000033a6    0000000a     release_pem4f.oem4f (.text:xdc_runtime_IHeap_alloc)
                  000033b0    0000000a     release_pem4f.oem4f (.text:xdc_runtime_IHeap_free)
                  000033ba    00000008     MSP_EXP432P401R.obj (.text:MSP_EXP432P401R_initGeneral)
                  000033c2    00000006     --HOLE-- [fill = 0]
                  000033c8    00000008     sysbios.aem4f : BIOS.obj (.text:pthread_attr_setstacksize)
                  000033d0    00000008                   : BIOS.obj (.text:ti_sysbios_family_arm_m3_Hwi_doSwiRestore__I)
                  000033d8    00000008                   : BIOS.obj (.text:ti_sysbios_family_arm_m3_Hwi_startup__E)
                  000033e0    00000006                   : BIOS.obj (.text:ti_sysbios_family_arm_m3_Hwi_doTaskRestore__I)
                  000033e6    00000002     --HOLE-- [fill = 0]
                  000033e8    00000006                   : BIOS.obj (.text:ti_sysbios_family_arm_m3_Hwi_restoreFxn__E)
                  000033ee    00000002     --HOLE-- [fill = 0]
                  000033f0    00000006                   : BIOS.obj (.text:ti_sysbios_gates_GateHwi_leave__E)
                  000033f6    00000002     --HOLE-- [fill = 0]
                  000033f8    00000006                   : BIOS.obj (.text:ti_sysbios_heaps_HeapMem_isBlocking__E)
                  000033fe    00000002     --HOLE-- [fill = 0]
                  00003400    00000006                   : BIOS.obj (.text:ti_sysbios_knl_Queue_Instance_init__E)
                  00003406    00000002     --HOLE-- [fill = 0]
                  00003408    00000006                   : BIOS.obj (.text:ti_sysbios_knl_Swi_startup__E)
                  0000340e    00000002     --HOLE-- [fill = 0]
                  00003410    00000006                   : BIOS.obj (.text:xdc_runtime_System_Module_startup__E)
                  00003416    00000002     --HOLE-- [fill = 0]
                  00003418    00000004                   : BIOS.obj (.text:ti_sysbios_gates_GateHwi_query__E)
                  0000341c    00000004     --HOLE-- [fill = 0]
                  00003420    00000004                   : BIOS.obj (.text:ti_sysbios_gates_GateMutex_query__E)
                  00003424    00000004     --HOLE-- [fill = 0]
                  00003428    00000004                   : BIOS.obj (.text:ti_sysbios_knl_Task_startup__E)
                  0000342c    00000004     --HOLE-- [fill = 0]
                  00003430    00000002                   : BIOS.obj (.text:ti_sysbios_BIOS_linkedWithIncorrectBootLibrary__E)
                  00003432    00000006     --HOLE-- [fill = 0]
                  00003438    00000002                   : BIOS.obj (.text:ti_sysbios_gates_GateHwi_Instance_init__E)
                  0000343a    00000006     --HOLE-- [fill = 0]
                  00003440    00000002                   : BIOS.obj (.text:ti_sysbios_knl_Clock_logTick__E)
                  00003442    00000006     --HOLE-- [fill = 0]
                  00003448    00000002                   : BIOS.obj (.text:xdc_runtime_SysCallback_defaultAbort)
                  0000344a    00000006     --HOLE-- [fill = 0]
                  00003450    00000002                   : BIOS.obj (.text:xdc_runtime_SysCallback_defaultExit)
                  00003452    00000006     --HOLE-- [fill = 0]
                  00003458    00000002                   : BIOS.obj (.text:xdc_runtime_System_abortSpin__E)
                  0000345a    00000006     --HOLE-- [fill = 0]
                  00003460    00000002                   : BIOS.obj (.text:xdc_runtime_System_exitSpin__E)

.resetVecs 
*          0    00000000    0000003c     
                  00000000    0000003c     release_pem4f.oem4f (.resetVecs)

.binit     0    00000000    00000000     

.const     0    00003464    000003dc     
                  00003464    00000048     release_pem4f.oem4f (.const:.string)
                  000034ac    0000003c     release_pem4f.oem4f (.const:ti_sysbios_knl_Task_Object__PARAMS__C)
                  000034e8    00000028     release_pem4f.oem4f (.const:ti_sysbios_heaps_HeapMem_Module__FXNS__C)
                  00003510    00000024     release_pem4f.oem4f (.const:ti_sysbios_gates_GateHwi_Module__FXNS__C)
                  00003534    00000024     release_pem4f.oem4f (.const:ti_sysbios_gates_GateMutex_Module__FXNS__C)
                  00003558    00000024     release_pem4f.oem4f (.const:ti_sysbios_heaps_HeapMem_Object__PARAMS__C)
                  0000357c    00000024     release_pem4f.oem4f (.const:ti_sysbios_knl_Semaphore_Object__PARAMS__C)
                  000035a0    00000024     release_pem4f.oem4f (.const:xdc_runtime_Startup_sfxnTab__A)
                  000035c4    00000020     release_pem4f.oem4f (.const:ti_sysbios_gates_GateHwi_Object__DESC__C)
                  000035e4    00000020     release_pem4f.oem4f (.const:ti_sysbios_gates_GateMutex_Object__DESC__C)
                  00003604    00000020     release_pem4f.oem4f (.const:ti_sysbios_heaps_HeapMem_Object__DESC__C)
                  00003624    00000020     release_pem4f.oem4f (.const:ti_sysbios_knl_Queue_Object__DESC__C)
                  00003644    00000020     release_pem4f.oem4f (.const:ti_sysbios_knl_Semaphore_Object__DESC__C)
                  00003664    00000020     release_pem4f.oem4f (.const:ti_sysbios_knl_Task_Object__DESC__C)
                  00003684    00000018     drivers_msp432p4xx.aem4f : ADCMSP432.oem4f (.const:ADCMSP432_fxnTable)
                  0000369c    00000018     MSP_EXP432P401R.obj (.const:PowerMSP432_config)
                  000036b4    00000018     release_pem4f.oem4f (.const:ti_sysbios_gates_GateHwi_Object__PARAMS__C)
                  000036cc    00000018     release_pem4f.oem4f (.const:ti_sysbios_gates_GateMutex_Object__PARAMS__C)
                  000036e4    00000018     release_pem4f.oem4f (.const:ti_sysbios_knl_Queue_Object__PARAMS__C)
                  000036fc    00000012     release_pem4f.oem4f (.const:xdc_runtime_Startup_sfxnRts__A)
                  0000370e    00000002     release_pem4f.oem4f (.const:ti_sysbios_family_arm_msp432_init_Boot_bypassHFXT__C)
                  00003710    0000000c     MSP_EXP432P401R.obj (.const:ADC_config)
                  0000371c    0000000c     MSP_EXP432P401R.obj (.const)
                  00003728    0000000c     MSP_EXP432P401R.obj (.const:adcMSP432HWAttrs)
                  00003734    0000000c     release_pem4f.oem4f (.const:xdc_runtime_Startup_firstFxns__A)
                  00003740    00000008     drivers_msp432p4xx.aem4f : ADC.oem4f (.const:ADC_defaultParams)
                  00003748    00000008     release_pem4f.oem4f (.const:ti_sysbios_knl_Idle_funcList__C)
                  00003750    00000008     release_pem4f.oem4f (.const:xdc_runtime_Startup_firstFxns__C)
                  00003758    00000008     release_pem4f.oem4f (.const:xdc_runtime_Startup_lastFxns__C)
                  00003760    00000004     release_pem4f.oem4f (.const:ti_sysbios_family_arm_m3_Hwi_NUM_INTERRUPTS__C)
                  00003764    00000004     release_pem4f.oem4f (.const:ti_sysbios_family_arm_m3_Hwi_Object__count__C)
                  00003768    00000004     release_pem4f.oem4f (.const:ti_sysbios_family_arm_m3_Hwi_ccr__C)
                  0000376c    00000004     release_pem4f.oem4f (.const:ti_sysbios_family_arm_m3_Hwi_excHandlerFunc__C)
                  00003770    00000004     release_pem4f.oem4f (.const:ti_sysbios_family_arm_m3_Hwi_nullIsrFunc__C)
                  00003774    00000004     release_pem4f.oem4f (.const:ti_sysbios_family_arm_m3_Hwi_priGroup__C)
                  00003778    00000004     release_pem4f.oem4f (.const:ti_sysbios_family_arm_m3_Hwi_swiDisable__C)
                  0000377c    00000004     release_pem4f.oem4f (.const:ti_sysbios_family_arm_m3_Hwi_swiRestoreHwi__C)
                  00003780    00000004     release_pem4f.oem4f (.const:ti_sysbios_family_arm_m3_TaskSupport_stackAlignment__C)
                  00003784    00000004     release_pem4f.oem4f (.const:ti_sysbios_family_arm_msp432_Timer_numTimerDevices__C)
                  00003788    00000004     release_pem4f.oem4f (.const:ti_sysbios_family_arm_msp432_Timer_startupNeeded__C)
                  0000378c    00000004     release_pem4f.oem4f (.const:ti_sysbios_gates_GateMutex_Instance_State_sem__O)
                  00003790    00000004     release_pem4f.oem4f (.const:ti_sysbios_heaps_HeapMem_E_memory__C)
                  00003794    00000004     release_pem4f.oem4f (.const:ti_sysbios_heaps_HeapMem_Module__gateObj__C)
                  00003798    00000004     release_pem4f.oem4f (.const:ti_sysbios_heaps_HeapMem_Object__count__C)
                  0000379c    00000004     release_pem4f.oem4f (.const:ti_sysbios_heaps_HeapMem_primaryHeapBaseAddr__C)
                  000037a0    00000004     release_pem4f.oem4f (.const:ti_sysbios_heaps_HeapMem_primaryHeapEndAddr__C)
                  000037a4    00000004     release_pem4f.oem4f (.const:ti_sysbios_heaps_HeapMem_reqAlign__C)
                  000037a8    00000004     release_pem4f.oem4f (.const:ti_sysbios_knl_Clock_Module_State_clockQ__O)
                  000037ac    00000004     release_pem4f.oem4f (.const:ti_sysbios_knl_Idle_funcList__A)
                  000037b0    00000004     release_pem4f.oem4f (.const:ti_sysbios_knl_Mailbox_Instance_State_freeQue__O)
                  000037b4    00000004     release_pem4f.oem4f (.const:ti_sysbios_knl_Mailbox_Object__count__C)
                  000037b8    00000004     release_pem4f.oem4f (.const:ti_sysbios_knl_Mailbox_maxTypeAlign__C)
                  000037bc    00000004     release_pem4f.oem4f (.const:ti_sysbios_knl_Semaphore_Instance_State_pendQ__O)
                  000037c0    00000004     release_pem4f.oem4f (.const:ti_sysbios_knl_Swi_Object__count__C)
                  000037c4    00000004     release_pem4f.oem4f (.const:ti_sysbios_knl_Task_Module_State_inactiveQ__O)
                  000037c8    00000004     release_pem4f.oem4f (.const:ti_sysbios_knl_Task_Object__count__C)
                  000037cc    00000004     release_pem4f.oem4f (.const:ti_sysbios_knl_Task_Object__heap__C)
                  000037d0    00000004     release_pem4f.oem4f (.const:ti_sysbios_knl_Task_allBlockedFunc__C)
                  000037d4    00000004     release_pem4f.oem4f (.const:ti_sysbios_knl_Task_defaultStackHeap__C)
                  000037d8    00000004     release_pem4f.oem4f (.const:ti_sysbios_knl_Task_defaultStackSize__C)
                  000037dc    00000004     release_pem4f.oem4f (.const:ti_sysbios_knl_Task_numConstructedTasks__C)
                  000037e0    00000004     release_pem4f.oem4f (.const:xdc_runtime_Error_E_memory__C)
                  000037e4    00000004     release_pem4f.oem4f (.const:xdc_runtime_Error_policyFxn__C)
                  000037e8    00000004     release_pem4f.oem4f (.const:xdc_runtime_IGateProvider_Interface__BASE__C)
                  000037ec    00000004     release_pem4f.oem4f (.const:xdc_runtime_IHeap_Interface__BASE__C)
                  000037f0    00000004     release_pem4f.oem4f (.const:xdc_runtime_IModule_Interface__BASE__C)
                  000037f4    00000004     release_pem4f.oem4f (.const:xdc_runtime_Memory_defaultHeapInstance__C)
                  000037f8    00000004     release_pem4f.oem4f (.const:xdc_runtime_Startup_execImpl__C)
                  000037fc    00000004     release_pem4f.oem4f (.const:xdc_runtime_Startup_maxPasses__C)
                  00003800    00000004     release_pem4f.oem4f (.const:xdc_runtime_Startup_sfxnRts__C)
                  00003804    00000004     release_pem4f.oem4f (.const:xdc_runtime_Startup_sfxnTab__C)
                  00003808    00000004     release_pem4f.oem4f (.const:xdc_runtime_SysCallback_abortFxn__C)
                  0000380c    00000004     release_pem4f.oem4f (.const:xdc_runtime_SysCallback_exitFxn__C)
                  00003810    00000004     release_pem4f.oem4f (.const:xdc_runtime_System_Module__gateObj__C)
                  00003814    00000004     release_pem4f.oem4f (.const:xdc_runtime_System_abortFxn__C)
                  00003818    00000004     release_pem4f.oem4f (.const:xdc_runtime_System_exitFxn__C)
                  0000381c    00000004     release_pem4f.oem4f (.const:xdc_runtime_System_maxAtexitHandlers__C)
                  00003820    00000004     release_pem4f.oem4f (.const:xdc_runtime_Text_charTab__C)
                  00003824    00000004     release_pem4f.oem4f (.const:xdc_runtime_Text_nameEmpty__C)
                  00003828    00000004     release_pem4f.oem4f (.const:xdc_runtime_Text_nameStatic__C)
                  0000382c    00000004     release_pem4f.oem4f (.const:xdc_runtime_Text_nameUnknown__C)
                  00003830    00000002     release_pem4f.oem4f (.const:ti_sysbios_family_arm_msp432_init_Boot_bypassLFXT__C)
                  00003832    00000002     release_pem4f.oem4f (.const:ti_sysbios_family_arm_msp432_init_Boot_enableHFXT__C)
                  00003834    00000002     release_pem4f.oem4f (.const:ti_sysbios_family_arm_msp432_init_Boot_enableLFXT__C)
                  00003836    00000002     release_pem4f.oem4f (.const:ti_sysbios_heaps_HeapMem_Module__id__C)
                  00003838    00000002     release_pem4f.oem4f (.const:xdc_runtime_Memory_Module__id__C)
                  0000383a    00000002     release_pem4f.oem4f (.const:xdc_runtime_Text_charCnt__C)
                  0000383c    00000002     release_pem4f.oem4f (.const:xdc_runtime_Text_isLoaded__C)
                  0000383e    00000001     release_pem4f.oem4f (.const:xdc_runtime_Error_policy__C)
                  0000383f    00000001     release_pem4f.oem4f (.const:xdc_runtime_Text_charTab__A)

.cinit     0    00003840    00000210     
                  00003840    000001eb     (.cinit..data.load) [load image, compression = lzss]
                  00003a2b    00000001     --HOLE-- [fill = 0]
                  00003a2c    0000000c     (__TI_handler_table)
                  00003a38    00000008     (.cinit..bss.load) [load image, compression = zero_init]
                  00003a40    00000010     (__TI_cinit_table)

.init_array 
*          0    00000000    00000000     UNINITIALIZED

.vecs      0    20000000    00000140     NOLOAD SECTION
                  20000000    00000140     release_pem4f.oem4f (.vecs)

.priheap   0    20000140    00008000     UNINITIALIZED
                  20000140    00008000     --HOLE--

.data      0    20008140    0000052f     UNINITIALIZED
                  20008140    000000d0     drivers_msp432p4xx.aem4f : PowerMSP432.oem4f (.data:PowerMSP432_perfLevels)
                  20008210    00000080     release_pem4f.oem4f (.data:ti_sysbios_knl_Swi_Module_State_0_readyQ__A)
                  20008290    00000080     release_pem4f.oem4f (.data:ti_sysbios_knl_Task_Module_State_0_readyQ__A)
                  20008310    0000004c     release_pem4f.oem4f (.data:ti_sysbios_family_arm_msp432_Timer_Object__table__V)
                  2000835c    0000004c     release_pem4f.oem4f (.data:ti_sysbios_knl_Task_Object__table__V)
                  200083a8    00000044     sysbios.aem4f : BIOS.obj (.data:$O1$$)
                  200083ec    00000044     release_pem4f.oem4f (.data:ti_sysbios_knl_Task_Module__state__V)
                  20008430    00000038     release_pem4f.oem4f (.data:ti_sysbios_gates_GateMutex_Object__table__V)
                  20008468    00000034     release_pem4f.oem4f (.data:ti_sysbios_family_arm_m3_Hwi_Module__state__V)
                  2000849c    00000030     release_pem4f.oem4f (.data:ti_sysbios_knl_Swi_Object__table__V)
                  200084cc    0000002c     drivers_msp432p4xx.aem4f : PowerMSP432.oem4f (.data:PowerMSP432_module)
                  200084f8    0000002c     release_pem4f.oem4f (.data:ti_sysbios_knl_Clock_Module__state__V)
                  20008524    00000024     release_pem4f.oem4f (.data:ti_sysbios_BIOS_Module__state__V)
                  20008548    00000020     release_pem4f.oem4f (.data:ti_sysbios_family_arm_msp432_Timer_Module_State_0_device__A)
                  20008568    00000020     release_pem4f.oem4f (.data:xdc_runtime_Error_IgnoreBlock)
                  20008588    0000001c     release_pem4f.oem4f (.data:ti_sysbios_knl_Swi_Module__state__V)
                  200085a4    00000018     release_pem4f.oem4f (.data:ti_sysbios_family_arm_m3_Hwi_Object__table__V)
                  200085bc    00000018     release_pem4f.oem4f (.data:ti_sysbios_heaps_HeapMem_Object__table__V)
                  200085d4    00000010     release_pem4f.oem4f (.data:ti_sysbios_family_arm_msp432_Timer_Module_State_0_handles__A)
                  200085e4    0000000c     release_pem4f.oem4f (.data:ti_sysbios_family_arm_msp432_ClockFreqs_Module__state__V)
                  200085f0    0000000c     release_pem4f.oem4f (.data:ti_sysbios_family_arm_msp432_Timer_Module__state__V)
                  200085fc    00000008     rtsv7M4_T_le_v4SPD16_eabi.lib : _lock.obj (.data:$O1$$)
                  20008604    00000008     drivers_msp432p4xx.aem4f : ADCMSP432.oem4f (.data)
                  2000860c    00000008     release_pem4f.oem4f (.data:ti_sysbios_gates_GateHwi_Module__root__V)
                  20008614    00000008     release_pem4f.oem4f (.data:ti_sysbios_gates_GateMutex_Module__root__V)
                  2000861c    00000008     release_pem4f.oem4f (.data:ti_sysbios_heaps_HeapMem_Module__root__V)
                  20008624    00000008     release_pem4f.oem4f (.data:ti_sysbios_knl_Queue_Module__root__V)
                  2000862c    00000008     release_pem4f.oem4f (.data:ti_sysbios_knl_Semaphore_Module__root__V)
                  20008634    00000008     release_pem4f.oem4f (.data:ti_sysbios_knl_Task_Module__root__V)
                  2000863c    00000008     release_pem4f.oem4f (.data:xdc_runtime_Startup_Module__state__V)
                  20008644    00000008     release_pem4f.oem4f (.data:xdc_runtime_System_Module_State_0_atexitHandlers__A)
                  2000864c    00000008     release_pem4f.oem4f (.data:xdc_runtime_System_Module__state__V)
                  20008654    00000004     rtsv7M4_T_le_v4SPD16_eabi.lib : stkdepth_vars.obj (.data)
                  20008658    00000004     release_pem4f.oem4f (.data:ti_sysbios_family_arm_m3_Hwi_Module_State_0_excContext__A)
                  2000865c    00000004     release_pem4f.oem4f (.data:ti_sysbios_family_arm_m3_Hwi_Module_State_0_excStack__A)
                  20008660    00000004     release_pem4f.oem4f (.data:ti_sysbios_gates_GateHwi_Object__table__V)
                  20008664    00000004     release_pem4f.oem4f (.data:ti_sysbios_knl_Task_Module_State_0_idleTask__A)
                  20008668    00000004     release_pem4f.oem4f (.data:xdc_runtime_Memory_Module__state__V)
                  2000866c    00000002     release_pem4f.oem4f (.data:ti_sysbios_family_arm_m3_Hwi_Module_State_0_excActive__A)
                  2000866e    00000001     drivers_msp432p4xx.aem4f : ADC.oem4f (.data)

.bss       0    20008670    00000344     UNINITIALIZED
                  20008670    00000200     release_pem4f.oem4f (.bss:taskStackSection)
                  20008870    00000140     (.common:ti_sysbios_family_arm_m3_Hwi_dispatchTable)
                  200089b0    00000004     (.common:adcMSP432Objects)

.stack     0    2000fc00    00000400     UNINITIALIZED
                  2000fc00    00000400     --HOLE--

.bootVecs 
*          0    00000000    00000008     DSECT
                  00000000    00000008     boot.aem4f : boot.oem4f (.bootVecs)

xdc.meta   0    00000000    0000010e     COPY SECTION
                  00000000    0000010e     release_pem4f.oem4f (xdc.meta)

xdc.noload 
*          0    00000000    00000000     COPY SECTION

MODULE SUMMARY

       Module                     code    ro data   rw data
       ------                     ----    -------   -------
    .\
       main_tirtos.obj            104     0         0      
       MSP_EXP432P401R.obj        8       60        4      
       prjct_adc_rtos.obj         50      0         0      
    +--+--------------------------+-------+---------+---------+
       Total:                     162     60        4      
                                                           
    C:\Users\James\Documents\RTOS_Workspace\tirtos_builds_MSP_EXP432P401R_release_ccs\Debug\configPkg\package\cfg\
       release_pem4f.oem4f        1202    956       2138   
    +--+--------------------------+-------+---------+---------+
       Total:                     1202    956       2138   
                                                           
    C:/ti/simplelink_msp432_sdk_1_30_00_40/kernel/tirtos/packages/ti/dpl/lib/dpl_msp432p4xx.aem4f
       PowerMSP432_tirtos.oem4f   126     0         0      
       SemaphoreP_tirtos.oem4f    116     0         0      
       HwiP_tirtos.oem4f          4       0         0      
    +--+--------------------------+-------+---------+---------+
       Total:                     246     0         0      
                                                           
    C:/ti/simplelink_msp432_sdk_1_30_00_40/source/ti/devices/msp432p4xx/driverlib/ccs/msp432p4xx_driverlib.lib
       cs.o                       260     0         0      
       sysctl.o                   48      0         0      
       cpu.o                      24      0         0      
    +--+--------------------------+-------+---------+---------+
       Total:                     332     0         0      
                                                           
    C:/ti/simplelink_msp432_sdk_1_30_00_40/source/ti/drivers/lib/drivers_msp432p4xx.aem4f
       PowerMSP432.oem4f          1468    0         252    
       ADCMSP432.oem4f            706     24        8      
       ADC.oem4f                  158     8         1      
       List.oem4f                 8       0         0      
    +--+--------------------------+-------+---------+---------+
       Total:                     2340    32        261    
                                                           
    C:\Users\James\Documents\RTOS_Workspace\tirtos_builds_MSP_EXP432P401R_release_ccs\src\sysbios\sysbios.aem4f
       BIOS.obj                   7440    0         68     
       m3_Hwi_asm.obj             306     0         0      
       m3_TaskSupport_asm.obj     180     0         0      
       m3_Hwi_asm_switch.obj      118     0         0      
    +--+--------------------------+-------+---------+---------+
       Total:                     8044    0         68     
                                                           
    C:\ti\ccsv7\tools\compiler\ti-cgt-arm_16.9.1.LTS\lib\rtsv7M4_T_le_v4SPD16_eabi.lib
       memcpy_t2.obj              156     0         0      
       memset_t2.obj              122     0         0      
       copy_decompress_lzss.obj   104     0         0      
       cpy_tbl.obj                76      0         0      
       _lock.obj                  20      0         8      
       args_main.obj              24      0         0      
       copy_decompress_none.obj   14      0         0      
       copy_zero_init.obj         12      0         0      
       stkdepth_vars.obj          0       0         4      
    +--+--------------------------+-------+---------+---------+
       Total:                     528     0         12     
                                                           
    C:\ti\simplelink_msp432_sdk_1_30_00_40\kernel\tirtos\packages\ti\targets\arm\rtsarm\lib\auto_init.aem4f
       auto_init.oem4f            160     0         0      
    +--+--------------------------+-------+---------+---------+
       Total:                     160     0         0      
                                                           
    C:\ti\simplelink_msp432_sdk_1_30_00_40\kernel\tirtos\packages\ti\targets\arm\rtsarm\lib\boot.aem4f
       boot.oem4f                 88      0         0      
    +--+--------------------------+-------+---------+---------+
       Total:                     88      0         0      
                                                           
       Stack:                     0       0         1024   
       Linker Generated:          0       527       0      
    +--+--------------------------+-------+---------+---------+
       Grand Total:               13102   1575      3507   


LINKER GENERATED COPY TABLES

__TI_cinit_table @ 00003a40 records: 2, size/record: 8, table size: 16
	.data: load addr=00003840, load size=000001eb bytes, run addr=20008140, run size=0000052f bytes, compression=lzss
	.bss: load addr=00003a38, load size=00000008 bytes, run addr=20008670, run size=00000344 bytes, compression=zero_init


LINKER GENERATED HANDLER TABLE

__TI_handler_table @ 00003a2c records: 3, size/record: 4, table size: 12
	index: 0, handler: __TI_decompress_lzss
	index: 1, handler: __TI_decompress_none
	index: 2, handler: __TI_zero_init


GLOBAL SYMBOLS: SORTED ALPHABETICALLY BY Name 

address   name                                                        
-------   ----                                                        
0000371d  ADCBuf_count                                                
00001aad  ADCMSP432_close                                             
00002793  ADCMSP432_control                                           
00000591  ADCMSP432_convert                                           
00001efd  ADCMSP432_convertRawToMicroVolts                            
00003684  ADCMSP432_fxnTable                                          
000016df  ADCMSP432_init                                              
000010e9  ADCMSP432_open                                              
00003375  ADC_Params_init                                             
00003710  ADC_config                                                  
0000337f  ADC_convert                                                 
00003389  ADC_convertRawToMicroVolts                                  
0000371c  ADC_count                                                   
00003740  ADC_defaultParams                                           
00002391  ADC_init                                                    
00002679  ADC_open                                                    
000032b7  CPU_cpsid                                                   
000032c3  CPU_cpsie                                                   
00000a89  CS_initClockSignal                                          
00002b99  CS_setDCOCenteredFrequency                                  
0000371e  Capture_count                                               
0000371f  Display_count                                               
00008000  HEAPSIZE                                                    
0000045d  HwiP_disable                                                
000033e9  HwiP_restore                                                
00003721  I2CSlave_count                                              
00003720  I2C_count                                                   
000008ad  List_head                                                   
00000db5  List_next                                                   
000033bb  MSP_EXP432P401R_initGeneral                                 
00003722  PWM_count                                                   
0000369c  PowerMSP432_config                                          
00001a47  PowerMSP432_initPolicy                                      
200084cc  PowerMSP432_module                                          
20008140  PowerMSP432_perfLevels                                      
00001f4d  PowerMSP432_sleepPolicy                                     
00002a41  PowerMSP432_updateFreqs                                     
000032d1  Power_getConstraintMask                                     
00002f2d  Power_idleFunc                                              
00001df9  Power_init                                                  
0000226d  Power_releaseConstraint                                     
000026f5  Power_setConstraint                                         
00000041  Power_sleep                                                 
00003723  SDSPI_count                                                 
UNDEFED   SHT$$INIT_ARRAY$$Base                                       
UNDEFED   SHT$$INIT_ARRAY$$Limit                                      
00003724  SPI_count                                                   
00003393  SemaphoreP_Params_init                                      
000024f5  SemaphoreP_create                                           
00003269  SemaphoreP_delete                                           
000030fd  SemaphoreP_pend                                             
0000339d  SemaphoreP_post                                             
0000339d  SemaphoreP_postFromClock                                    
00003135  SysCtl_disableNMISource                                     
00003145  SysCtl_enableNMISource                                      
00003155  SysCtl_getNMISourceStatus                                   
00003725  Timer_count                                                 
00003726  UART_count                                                  
4000480c  WDTCTL_SYM                                                  
00003727  Watchdog_count                                              
00000000  __ASM__                                                     
0000008a  __ISA__                                                     
0000009d  __PLAT__                                                    
20010000  __STACK_END                                                 
00000400  __STACK_SIZE                                                
000000c0  __TARG__                                                    
00003a40  __TI_CINIT_Base                                             
00003a50  __TI_CINIT_Limit                                            
00003a2c  __TI_Handler_Table_Base                                     
00003a38  __TI_Handler_Table_Limit                                    
00000fad  __TI_auto_init                                              
0000190d  __TI_decompress_lzss                                        
00003277  __TI_decompress_none                                        
ffffffff  __TI_pprof_out_hndl                                         
ffffffff  __TI_prof_data_size                                         
ffffffff  __TI_prof_data_start                                        
00003840  __TI_static_base__                                          
000032dd  __TI_zero_init                                              
000000e6  __TRDR__                                                    
00001665  __aeabi_memclr                                              
00001665  __aeabi_memclr4                                             
00001665  __aeabi_memclr8                                             
0000104d  __aeabi_memcpy                                              
0000104d  __aeabi_memcpy4                                             
0000104d  __aeabi_memcpy8                                             
00001667  __aeabi_memset                                              
00001667  __aeabi_memset4                                             
00001667  __aeabi_memset8                                             
ffffffff  __binit__                                                   
ffffffff  __c_args__                                                  
20008140  __primary_heap_end__                                        
20000140  __primary_heap_start__                                      
2000fc00  __stack                                                     
00002f61  _args_main                                                  
00001d49  _c_int00                                                    
200085fc  _lock                                                       
000030a7  _nop                                                        
00002e61  _pthread_cleanup_pop                                        
00001181  _pthread_removeThreadKeys                                   
000015e9  _pthread_runStub                                            
0000309f  _register_lock                                              
00003099  _register_unlock                                            
20008600  _unlock                                                     
00003728  adcMSP432HWAttrs                                            
200089b0  adcMSP432Objects                                            
ffffffff  binit                                                       
00002041  copy_in                                                     
00001975  main                                                        
00002761  mainThread                                                  
20008654  main_func_sp                                                
0000104d  memcpy                                                      
0000166d  memset                                                      
00002bc1  pthread_attr_init                                           
00003289  pthread_attr_setdetachstate                                 
00002f49  pthread_attr_setschedparam                                  
000033c9  pthread_attr_setstacksize                                   
000008b1  pthread_create                                              
000032e9  pthread_self                                                
20008524  ti_sysbios_BIOS_Module__state__V                            
00002ff1  ti_sysbios_BIOS_RtsGateProxy_Handle__label__S               
00001215  ti_sysbios_BIOS_RtsGateProxy_enter__E                       
000013c5  ti_sysbios_BIOS_RtsGateProxy_leave__E                       
00003421  ti_sysbios_BIOS_RtsGateProxy_query__E                       
000027cd  ti_sysbios_BIOS_atExitFunc__I                               
00003069  ti_sysbios_BIOS_exitFunc__I                                 
00003169  ti_sysbios_BIOS_exit__E                                     
00003431  ti_sysbios_BIOS_linkedWithIncorrectBootLibrary__E           
00001bcd  ti_sysbios_BIOS_nullFunc__I                                 
00002be5  ti_sysbios_BIOS_registerRTSLock__I                          
00002c09  ti_sysbios_BIOS_removeRTSLock__I                            
00002d5d  ti_sysbios_BIOS_rtsLock__I                                  
00002f79  ti_sysbios_BIOS_rtsUnlock__I                                
00003179  ti_sysbios_BIOS_setCpuFreq__E                               
00003189  ti_sysbios_BIOS_setThreadType__E                            
000027fd  ti_sysbios_BIOS_startFunc__I                                
00003199  ti_sysbios_BIOS_start__E                                    
2000866c  ti_sysbios_family_arm_m3_Hwi_Module_State_0_excActive__A    
20008658  ti_sysbios_family_arm_m3_Hwi_Module_State_0_excContext__A   
2000865c  ti_sysbios_family_arm_m3_Hwi_Module_State_0_excStack__A     
00002f91  ti_sysbios_family_arm_m3_Hwi_Module__startupDone__F         
00002f91  ti_sysbios_family_arm_m3_Hwi_Module__startupDone__S         
20008468  ti_sysbios_family_arm_m3_Hwi_Module__state__V               
00001fa1  ti_sysbios_family_arm_m3_Hwi_Module_startup__E              
00003760  ti_sysbios_family_arm_m3_Hwi_NUM_INTERRUPTS__C              
00003764  ti_sysbios_family_arm_m3_Hwi_Object__count__C               
000030ad  ti_sysbios_family_arm_m3_Hwi_Object__get__S                 
200085a4  ti_sysbios_family_arm_m3_Hwi_Object__table__V               
00003768  ti_sysbios_family_arm_m3_Hwi_ccr__C                         
000032f9  ti_sysbios_family_arm_m3_Hwi_disableFxn__E                  
00001a49  ti_sysbios_family_arm_m3_Hwi_dispatchC__I                   
20008870  ti_sysbios_family_arm_m3_Hwi_dispatchTable                  
0000099d  ti_sysbios_family_arm_m3_Hwi_dispatch__I                    
000033d1  ti_sysbios_family_arm_m3_Hwi_doSwiRestore__I                
000033e1  ti_sysbios_family_arm_m3_Hwi_doTaskRestore__I               
000022b9  ti_sysbios_family_arm_m3_Hwi_enableInterrupt__E             
00002d7d  ti_sysbios_family_arm_m3_Hwi_excHandlerAsm__I               
0000376c  ti_sysbios_family_arm_m3_Hwi_excHandlerFunc__C              
00002da1  ti_sysbios_family_arm_m3_Hwi_excHandler__I                  
000023d9  ti_sysbios_family_arm_m3_Hwi_getStackInfo__E                
00001219  ti_sysbios_family_arm_m3_Hwi_initNVIC__E                    
00001da1  ti_sysbios_family_arm_m3_Hwi_initStacks__E                  
00003770  ti_sysbios_family_arm_m3_Hwi_nullIsrFunc__C                 
e000e000  ti_sysbios_family_arm_m3_Hwi_nvic                           
00002b71  ti_sysbios_family_arm_m3_Hwi_pendSV__I                      
00001451  ti_sysbios_family_arm_m3_Hwi_postInit__I                    
00003774  ti_sysbios_family_arm_m3_Hwi_priGroup__C                    
20000000  ti_sysbios_family_arm_m3_Hwi_ramVectors                     
00000000  ti_sysbios_family_arm_m3_Hwi_resetVectors                   
000033e9  ti_sysbios_family_arm_m3_Hwi_restoreFxn__E                  
00002b95  ti_sysbios_family_arm_m3_Hwi_return                         
000033d9  ti_sysbios_family_arm_m3_Hwi_startup__E                     
00003778  ti_sysbios_family_arm_m3_Hwi_swiDisable__C                  
0000377c  ti_sysbios_family_arm_m3_Hwi_swiRestoreHwi__C               
000030c1  ti_sysbios_family_arm_m3_Hwi_switchFromBootStack__E         
000014d5  ti_sysbios_family_arm_m3_TaskSupport_Module__startupDone__S 
000012ad  ti_sysbios_family_arm_m3_TaskSupport_buildTaskStack         
00003309  ti_sysbios_family_arm_m3_TaskSupport_getStackAlignment__E   
000031a9  ti_sysbios_family_arm_m3_TaskSupport_glue                   
00003780  ti_sysbios_family_arm_m3_TaskSupport_stackAlignment__C      
00002831  ti_sysbios_family_arm_m3_TaskSupport_start__E               
00002fa9  ti_sysbios_family_arm_m3_TaskSupport_swap__E                
200085e4  ti_sysbios_family_arm_msp432_ClockFreqs_Module__state__V    
00002c31  ti_sysbios_family_arm_msp432_ClockFreqs_setFrequency__E     
00002421  ti_sysbios_family_arm_msp432_Seconds_Module_startup__E      
20008548  ti_sysbios_family_arm_msp432_Timer_Module_State_0_device__A 
200085d4  ti_sysbios_family_arm_msp432_Timer_Module_State_0_handles__A
00002fc1  ti_sysbios_family_arm_msp432_Timer_Module__startupDone__F   
00002fc1  ti_sysbios_family_arm_msp432_Timer_Module__startupDone__S   
200085f0  ti_sysbios_family_arm_msp432_Timer_Module__state__V         
000025b9  ti_sysbios_family_arm_msp432_Timer_Module_startup__E        
20008310  ti_sysbios_family_arm_msp432_Timer_Object__table__V         
00003319  ti_sysbios_family_arm_msp432_Timer_getMaxTicks__E           
00001e51  ti_sysbios_family_arm_msp432_Timer_initDevice__I            
00003784  ti_sysbios_family_arm_msp432_Timer_numTimerDevices__C       
00000db9  ti_sysbios_family_arm_msp432_Timer_periodicStub__E          
00002091  ti_sysbios_family_arm_msp432_Timer_postInit__I              
000020e1  ti_sysbios_family_arm_msp432_Timer_start__E                 
00003788  ti_sysbios_family_arm_msp432_Timer_startupNeeded__C         
000025f9  ti_sysbios_family_arm_msp432_Timer_startup__E               
0000370e  ti_sysbios_family_arm_msp432_init_Boot_bypassHFXT__C        
00003830  ti_sysbios_family_arm_msp432_init_Boot_bypassLFXT__C        
000007b1  ti_sysbios_family_arm_msp432_init_Boot_configureClocksHigh  
000031b9  ti_sysbios_family_arm_msp432_init_Boot_disableWatchdog      
00003832  ti_sysbios_family_arm_msp432_init_Boot_enableHFXT__C        
00003834  ti_sysbios_family_arm_msp432_init_Boot_enableLFXT__C        
00002f15  ti_sysbios_family_arm_msp432_init_Boot_init__I              
00002e41  ti_sysbios_family_xxx_Hwi_switchAndRunFunc                  
00002fd9  ti_sysbios_gates_GateHwi_Handle__label__S                   
00003439  ti_sysbios_gates_GateHwi_Instance_init__E                   
00003510  ti_sysbios_gates_GateHwi_Module__FXNS__C                    
2000860c  ti_sysbios_gates_GateHwi_Module__root__V                    
000035c4  ti_sysbios_gates_GateHwi_Object__DESC__C                    
000036b4  ti_sysbios_gates_GateHwi_Object__PARAMS__C                  
00002861  ti_sysbios_gates_GateHwi_Object__create__S                  
00002dc1  ti_sysbios_gates_GateHwi_Object__delete__S                  
20008660  ti_sysbios_gates_GateHwi_Object__table__V                   
00003329  ti_sysbios_gates_GateHwi_enter__E                           
000033f1  ti_sysbios_gates_GateHwi_leave__E                           
00003419  ti_sysbios_gates_GateHwi_query__E                           
00002ff1  ti_sysbios_gates_GateMutex_Handle__label__S                 
0000378c  ti_sysbios_gates_GateMutex_Instance_State_sem__O            
000031c9  ti_sysbios_gates_GateMutex_Instance_finalize__E             
00002e81  ti_sysbios_gates_GateMutex_Instance_init__E                 
00003534  ti_sysbios_gates_GateMutex_Module__FXNS__C                  
20008614  ti_sysbios_gates_GateMutex_Module__root__V                  
000035e4  ti_sysbios_gates_GateMutex_Object__DESC__C                  
000036cc  ti_sysbios_gates_GateMutex_Object__PARAMS__C                
00002891  ti_sysbios_gates_GateMutex_Object__create__S                
00002c55  ti_sysbios_gates_GateMutex_Object__delete__S                
20008430  ti_sysbios_gates_GateMutex_Object__table__V                 
000028c1  ti_sysbios_gates_GateMutex_enter__E                         
00003009  ti_sysbios_gates_GateMutex_leave__E                         
00003421  ti_sysbios_gates_GateMutex_query__E                         
00002f91  ti_sysbios_hal_Hwi_HwiProxy_Module__startupDone__S          
000032f9  ti_sysbios_hal_Hwi_HwiProxy_disable__E                      
000022b9  ti_sysbios_hal_Hwi_HwiProxy_enableInterrupt__E              
000023d9  ti_sysbios_hal_Hwi_HwiProxy_getStackInfo__E                 
000033e9  ti_sysbios_hal_Hwi_HwiProxy_restore__E                      
000033d9  ti_sysbios_hal_Hwi_HwiProxy_startup__E                      
000030c1  ti_sysbios_hal_Hwi_HwiProxy_switchFromBootStack__E          
00003111  ti_sysbios_hal_Hwi_Module_startup__E                        
00002799  ti_sysbios_hal_Hwi_initStack                                
00003790  ti_sysbios_heaps_HeapMem_E_memory__C                        
00003021  ti_sysbios_heaps_HeapMem_Handle__label__S                   
00002639  ti_sysbios_heaps_HeapMem_Instance_init__E                   
00002ff1  ti_sysbios_heaps_HeapMem_Module_GateProxy_Handle__label__S  
0000155d  ti_sysbios_heaps_HeapMem_Module_GateProxy_enter__E          
000015e5  ti_sysbios_heaps_HeapMem_Module_GateProxy_leave__E          
00003421  ti_sysbios_heaps_HeapMem_Module_GateProxy_query__E          
000034e8  ti_sysbios_heaps_HeapMem_Module__FXNS__C                    
00003794  ti_sysbios_heaps_HeapMem_Module__gateObj__C                 
00003836  ti_sysbios_heaps_HeapMem_Module__id__C                      
2000861c  ti_sysbios_heaps_HeapMem_Module__root__V                    
00003604  ti_sysbios_heaps_HeapMem_Object__DESC__C                    
00003558  ti_sysbios_heaps_HeapMem_Object__PARAMS__C                  
00003798  ti_sysbios_heaps_HeapMem_Object__count__C                   
000028f1  ti_sysbios_heaps_HeapMem_Object__create__S                  
00002de1  ti_sysbios_heaps_HeapMem_Object__delete__S                  
000030d5  ti_sysbios_heaps_HeapMem_Object__get__S                     
200085bc  ti_sysbios_heaps_HeapMem_Object__table__V                   
00000b69  ti_sysbios_heaps_HeapMem_alloc__E                           
000014d9  ti_sysbios_heaps_HeapMem_free__E                            
00002131  ti_sysbios_heaps_HeapMem_getStats__E                        
000016e1  ti_sysbios_heaps_HeapMem_initPrimary__I                     
000033f9  ti_sysbios_heaps_HeapMem_isBlocking__E                      
0000379c  ti_sysbios_heaps_HeapMem_primaryHeapBaseAddr__C             
000037a0  ti_sysbios_heaps_HeapMem_primaryHeapEndAddr__C              
000037a4  ti_sysbios_heaps_HeapMem_reqAlign__C                        
000037a8  ti_sysbios_knl_Clock_Module_State_clockQ__O                 
200084f8  ti_sysbios_knl_Clock_Module__state__V                       
00002c79  ti_sysbios_knl_Clock_Module_startup__E                      
00002fc1  ti_sysbios_knl_Clock_TimerProxy_Module__startupDone__S      
0000189d  ti_sysbios_knl_Clock_TimerProxy_getMaxTicks__E              
000025f9  ti_sysbios_knl_Clock_TimerProxy_startup__E                  
00002b21  ti_sysbios_knl_Clock_addI__E                                
00002a6d  ti_sysbios_knl_Clock_doTick__I                              
00003441  ti_sysbios_knl_Clock_logTick__E                             
00001831  ti_sysbios_knl_Clock_workFunc__E                            
000037ac  ti_sysbios_knl_Idle_funcList__A                             
00003748  ti_sysbios_knl_Idle_funcList__C                             
00003299  ti_sysbios_knl_Idle_loop__E                                 
00002e01  ti_sysbios_knl_Idle_run__E                                  
000037b0  ti_sysbios_knl_Mailbox_Instance_State_freeQue__O            
00002301  ti_sysbios_knl_Mailbox_Module_startup__E                    
000037b4  ti_sysbios_knl_Mailbox_Object__count__C                     
000031d9  ti_sysbios_knl_Mailbox_Object__get__S                       
000037b8  ti_sysbios_knl_Mailbox_maxTypeAlign__C                      
00002921  ti_sysbios_knl_Mailbox_postInit__I                          
00003401  ti_sysbios_knl_Queue_Instance_init__E                       
20008624  ti_sysbios_knl_Queue_Module__root__V                        
00003624  ti_sysbios_knl_Queue_Object__DESC__C                        
000036e4  ti_sysbios_knl_Queue_Object__PARAMS__C                      
00003335  ti_sysbios_knl_Queue_Object__get__S                         
00002a99  ti_sysbios_knl_Queue_construct                              
00002e9d  ti_sysbios_knl_Queue_destruct                               
000032a9  ti_sysbios_knl_Queue_empty__E                               
00002eb9  ti_sysbios_knl_Queue_put__E                                 
000037bc  ti_sysbios_knl_Semaphore_Instance_State_pendQ__O            
000031e9  ti_sysbios_knl_Semaphore_Instance_finalize__E               
00002ca1  ti_sysbios_knl_Semaphore_Instance_init__E                   
2000862c  ti_sysbios_knl_Semaphore_Module__root__V                    
00003644  ti_sysbios_knl_Semaphore_Object__DESC__C                    
0000357c  ti_sysbios_knl_Semaphore_Object__PARAMS__C                  
00002cc5  ti_sysbios_knl_Semaphore_Object__delete__S                  
00003341  ti_sysbios_knl_Semaphore_Params__init__S                    
00002951  ti_sysbios_knl_Semaphore_construct                          
0000272d  ti_sysbios_knl_Semaphore_create                             
000019dd  ti_sysbios_knl_Semaphore_delete                             
00002e21  ti_sysbios_knl_Semaphore_destruct                           
00002981  ti_sysbios_knl_Semaphore_pendTimeout__I                     
00000461  ti_sysbios_knl_Semaphore_pend__E                            
00001751  ti_sysbios_knl_Semaphore_post__E                            
20008210  ti_sysbios_knl_Swi_Module_State_0_readyQ__A                 
20008588  ti_sysbios_knl_Swi_Module__state__V                         
00002b49  ti_sysbios_knl_Swi_Module_startup__E                        
000037c0  ti_sysbios_knl_Swi_Object__count__C                         
000030e9  ti_sysbios_knl_Swi_Object__get__S                           
2000849c  ti_sysbios_knl_Swi_Object__table__V                         
000031f9  ti_sysbios_knl_Swi_disable__E                               
00002469  ti_sysbios_knl_Swi_post__E                                  
000018a1  ti_sysbios_knl_Swi_restoreHwi__E                            
000026b9  ti_sysbios_knl_Swi_restore__E                               
00002181  ti_sysbios_knl_Swi_runLoop__I                               
00001b11  ti_sysbios_knl_Swi_run__I                                   
00001b71  ti_sysbios_knl_Swi_schedule__I                              
00003409  ti_sysbios_knl_Swi_startup__E                               
20008670  ti_sysbios_knl_Task_Instance_State_0_stack__A               
00000cf9  ti_sysbios_knl_Task_Instance_finalize__E                    
00000c39  ti_sysbios_knl_Task_Instance_init__E                        
20008664  ti_sysbios_knl_Task_Module_State_0_idleTask__A              
20008290  ti_sysbios_knl_Task_Module_State_0_readyQ__A                
000037c4  ti_sysbios_knl_Task_Module_State_inactiveQ__O               
20008634  ti_sysbios_knl_Task_Module__root__V                         
200083ec  ti_sysbios_knl_Task_Module__state__V                        
00001bd1  ti_sysbios_knl_Task_Module_startup__E                       
00003664  ti_sysbios_knl_Task_Object__DESC__C                         
000034ac  ti_sysbios_knl_Task_Object__PARAMS__C                       
000037c8  ti_sysbios_knl_Task_Object__count__C                        
00003209  ti_sysbios_knl_Task_Object__get__S                          
000037cc  ti_sysbios_knl_Task_Object__heap__C                         
2000835c  ti_sysbios_knl_Task_Object__table__V                        
0000334d  ti_sysbios_knl_Task_Params__init__S                         
000014d5  ti_sysbios_knl_Task_SupportProxy_Module__startupDone__S     
00003309  ti_sysbios_knl_Task_SupportProxy_getStackAlignment__E       
00002831  ti_sysbios_knl_Task_SupportProxy_start__E                   
00002fa9  ti_sysbios_knl_Task_SupportProxy_swap__E                    
000037d0  ti_sysbios_knl_Task_allBlockedFunc__C                       
000021d1  ti_sysbios_knl_Task_allBlockedFunction__I                   
00001ff1  ti_sysbios_knl_Task_create                                  
000037d4  ti_sysbios_knl_Task_defaultStackHeap__C                     
000037d8  ti_sysbios_knl_Task_defaultStackSize__C                     
00003219  ti_sysbios_knl_Task_disable__E                              
00002ed9  ti_sysbios_knl_Task_enter__I                                
000017c1  ti_sysbios_knl_Task_exit__E                                 
000037dc  ti_sysbios_knl_Task_numConstructedTasks__C                  
00001339  ti_sysbios_knl_Task_postInit__I                             
000029b1  ti_sysbios_knl_Task_processVitalTaskFlag__I                 
00002ce9  ti_sysbios_knl_Task_restoreHwi__E                           
00002ac9  ti_sysbios_knl_Task_restore__E                              
[...]
00002f2d  Power_idleFunc                                              
00002f49  pthread_attr_setschedparam                                  
00002f61  _args_main                                                  
00002f79  ti_sysbios_BIOS_rtsUnlock__I                                
00002f91  ti_sysbios_family_arm_m3_Hwi_Module__startupDone__F         
00002f91  ti_sysbios_family_arm_m3_Hwi_Module__startupDone__S         
00002f91  ti_sysbios_hal_Hwi_HwiProxy_Module__startupDone__S          
00002fa9  ti_sysbios_family_arm_m3_TaskSupport_swap__E                
00002fa9  ti_sysbios_knl_Task_SupportProxy_swap__E                    
00002fb5  ti_sysbios_knl_Task_swapReturn                              
00002fc1  ti_sysbios_family_arm_msp432_Timer_Module__startupDone__F   
00002fc1  ti_sysbios_family_arm_msp432_Timer_Module__startupDone__S   
00002fc1  ti_sysbios_knl_Clock_TimerProxy_Module__startupDone__S      
00002fd9  ti_sysbios_gates_GateHwi_Handle__label__S                   
00002fd9  xdc_runtime_Main_Module_GateProxy_Handle__label__S          
00002fd9  xdc_runtime_System_Module_GateProxy_Handle__label__S        
00002ff1  ti_sysbios_BIOS_RtsGateProxy_Handle__label__S               
00002ff1  ti_sysbios_gates_GateMutex_Handle__label__S                 
00002ff1  ti_sysbios_heaps_HeapMem_Module_GateProxy_Handle__label__S  
00003009  ti_sysbios_gates_GateMutex_leave__E                         
00003021  ti_sysbios_heaps_HeapMem_Handle__label__S                   
00003021  xdc_runtime_Memory_HeapProxy_Handle__label__S               
00003039  xdc_runtime_Error_init__E                                   
00003051  xdc_runtime_System_exit__E                                  
00003069  ti_sysbios_BIOS_exitFunc__I                                 
00003081  ti_sysbios_knl_Task_unblock__E                              
00003099  _register_unlock                                            
0000309f  _register_lock                                              
000030a7  _nop                                                        
000030ad  ti_sysbios_family_arm_m3_Hwi_Object__get__S                 
000030c1  ti_sysbios_family_arm_m3_Hwi_switchFromBootStack__E         
000030c1  ti_sysbios_hal_Hwi_HwiProxy_switchFromBootStack__E          
000030d5  ti_sysbios_heaps_HeapMem_Object__get__S                     
000030e9  ti_sysbios_knl_Swi_Object__get__S                           
000030fd  SemaphoreP_pend                                             
00003111  ti_sysbios_hal_Hwi_Module_startup__E                        
00003123  xdc_runtime_Startup_exec__I                                 
00003135  SysCtl_disableNMISource                                     
00003145  SysCtl_enableNMISource                                      
00003155  SysCtl_getNMISourceStatus                                   
00003169  ti_sysbios_BIOS_exit__E                                     
00003179  ti_sysbios_BIOS_setCpuFreq__E                               
00003189  ti_sysbios_BIOS_setThreadType__E                            
00003199  ti_sysbios_BIOS_start__E                                    
000031a9  ti_sysbios_family_arm_m3_TaskSupport_glue                   
000031b9  ti_sysbios_family_arm_msp432_init_Boot_disableWatchdog      
000031c9  ti_sysbios_gates_GateMutex_Instance_finalize__E             
000031d9  ti_sysbios_knl_Mailbox_Object__get__S                       
000031e9  ti_sysbios_knl_Semaphore_Instance_finalize__E               
000031f9  ti_sysbios_knl_Swi_disable__E                               
00003209  ti_sysbios_knl_Task_Object__get__S                          
00003219  ti_sysbios_knl_Task_disable__E                              
00003229  xdc_runtime_Gate_leaveSystem__E                             
00003239  xdc_runtime_Memory_free__E                                  
00003249  xdc_runtime_SysCallback_abort__E                            
00003249  xdc_runtime_System_SupportProxy_abort__E                    
00003259  xdc_runtime_SysCallback_exit__E                             
00003259  xdc_runtime_System_SupportProxy_exit__E                     
00003269  SemaphoreP_delete                                           
00003277  __TI_decompress_none                                        
00003289  pthread_attr_setdetachstate                                 
00003299  ti_sysbios_knl_Idle_loop__E                                 
000032a9  ti_sysbios_knl_Queue_empty__E                               
000032b7  CPU_cpsid                                                   
000032c3  CPU_cpsie                                                   
000032d1  Power_getConstraintMask                                     
000032dd  __TI_zero_init                                              
000032e9  pthread_self                                                
000032f9  ti_sysbios_family_arm_m3_Hwi_disableFxn__E                  
000032f9  ti_sysbios_hal_Hwi_HwiProxy_disable__E                      
00003309  ti_sysbios_family_arm_m3_TaskSupport_getStackAlignment__E   
00003309  ti_sysbios_knl_Task_SupportProxy_getStackAlignment__E       
00003319  ti_sysbios_family_arm_msp432_Timer_getMaxTicks__E           
00003329  ti_sysbios_gates_GateHwi_enter__E                           
00003335  ti_sysbios_knl_Queue_Object__get__S                         
00003341  ti_sysbios_knl_Semaphore_Params__init__S                    
0000334d  ti_sysbios_knl_Task_Params__init__S                         
00003359  xdc_runtime_Gate_enterSystem__E                             
00003369  xdc_runtime_Startup_rtsDone__E                              
00003375  ADC_Params_init                                             
0000337f  ADC_convert                                                 
00003389  ADC_convertRawToMicroVolts                                  
00003393  SemaphoreP_Params_init                                      
0000339d  SemaphoreP_post                                             
0000339d  SemaphoreP_postFromClock                                    
000033a7  xdc_runtime_Memory_HeapProxy_alloc__E                       
000033b1  xdc_runtime_Memory_HeapProxy_free__E                        
000033bb  MSP_EXP432P401R_initGeneral                                 
000033c9  pthread_attr_setstacksize                                   
000033d1  ti_sysbios_family_arm_m3_Hwi_doSwiRestore__I                
000033d9  ti_sysbios_family_arm_m3_Hwi_startup__E                     
000033d9  ti_sysbios_hal_Hwi_HwiProxy_startup__E                      
000033e1  ti_sysbios_family_arm_m3_Hwi_doTaskRestore__I               
000033e9  HwiP_restore                                                
000033e9  ti_sysbios_family_arm_m3_Hwi_restoreFxn__E                  
000033e9  ti_sysbios_hal_Hwi_HwiProxy_restore__E                      
000033f1  ti_sysbios_gates_GateHwi_leave__E                           
000033f9  ti_sysbios_heaps_HeapMem_isBlocking__E                      
00003401  ti_sysbios_knl_Queue_Instance_init__E                       
00003409  ti_sysbios_knl_Swi_startup__E                               
00003411  xdc_runtime_System_Module_startup__E                        
00003419  ti_sysbios_gates_GateHwi_query__E                           
00003419  xdc_runtime_Main_Module_GateProxy_query__E                  
00003419  xdc_runtime_System_Module_GateProxy_query__E                
00003421  ti_sysbios_BIOS_RtsGateProxy_query__E                       
00003421  ti_sysbios_gates_GateMutex_query__E                         
00003421  ti_sysbios_heaps_HeapMem_Module_GateProxy_query__E          
00003429  ti_sysbios_knl_Task_startup__E                              
00003431  ti_sysbios_BIOS_linkedWithIncorrectBootLibrary__E           
00003439  ti_sysbios_gates_GateHwi_Instance_init__E                   
00003441  ti_sysbios_knl_Clock_logTick__E                             
00003449  xdc_runtime_SysCallback_defaultAbort                        
00003451  xdc_runtime_SysCallback_defaultExit                         
00003459  xdc_runtime_System_abortSpin__E                             
00003461  xdc_runtime_System_exitSpin__E                              
000034ac  ti_sysbios_knl_Task_Object__PARAMS__C                       
000034e8  ti_sysbios_heaps_HeapMem_Module__FXNS__C                    
00003510  ti_sysbios_gates_GateHwi_Module__FXNS__C                    
00003534  ti_sysbios_gates_GateMutex_Module__FXNS__C                  
00003558  ti_sysbios_heaps_HeapMem_Object__PARAMS__C                  
0000357c  ti_sysbios_knl_Semaphore_Object__PARAMS__C                  
000035a0  xdc_runtime_Startup_sfxnTab__A                              
000035c4  ti_sysbios_gates_GateHwi_Object__DESC__C                    
000035e4  ti_sysbios_gates_GateMutex_Object__DESC__C                  
00003604  ti_sysbios_heaps_HeapMem_Object__DESC__C                    
00003624  ti_sysbios_knl_Queue_Object__DESC__C                        
00003644  ti_sysbios_knl_Semaphore_Object__DESC__C                    
00003664  ti_sysbios_knl_Task_Object__DESC__C                         
00003684  ADCMSP432_fxnTable                                          
0000369c  PowerMSP432_config                                          
000036b4  ti_sysbios_gates_GateHwi_Object__PARAMS__C                  
000036cc  ti_sysbios_gates_GateMutex_Object__PARAMS__C                
000036e4  ti_sysbios_knl_Queue_Object__PARAMS__C                      
000036fc  xdc_runtime_Startup_sfxnRts__A                              
0000370e  ti_sysbios_family_arm_msp432_init_Boot_bypassHFXT__C        
00003710  ADC_config                                                  
0000371c  ADC_count                                                   
0000371d  ADCBuf_count                                                
0000371e  Capture_count                                               
0000371f  Display_count                                               
00003720  I2C_count                                                   
00003721  I2CSlave_count                                              
00003722  PWM_count                                                   
00003723  SDSPI_count                                                 
00003724  SPI_count                                                   
00003725  Timer_count                                                 
00003726  UART_count                                                  
00003727  Watchdog_count                                              
00003728  adcMSP432HWAttrs                                            
00003734  xdc_runtime_Startup_firstFxns__A                            
00003740  ADC_defaultParams                                           
00003748  ti_sysbios_knl_Idle_funcList__C                             
00003750  xdc_runtime_Startup_firstFxns__C                            
00003758  xdc_runtime_Startup_lastFxns__C                             
00003760  ti_sysbios_family_arm_m3_Hwi_NUM_INTERRUPTS__C              
00003764  ti_sysbios_family_arm_m3_Hwi_Object__count__C               
00003768  ti_sysbios_family_arm_m3_Hwi_ccr__C                         
0000376c  ti_sysbios_family_arm_m3_Hwi_excHandlerFunc__C              
00003770  ti_sysbios_family_arm_m3_Hwi_nullIsrFunc__C                 
00003774  ti_sysbios_family_arm_m3_Hwi_priGroup__C                    
00003778  ti_sysbios_family_arm_m3_Hwi_swiDisable__C                  
0000377c  ti_sysbios_family_arm_m3_Hwi_swiRestoreHwi__C               
00003780  ti_sysbios_family_arm_m3_TaskSupport_stackAlignment__C      
00003784  ti_sysbios_family_arm_msp432_Timer_numTimerDevices__C       
00003788  ti_sysbios_family_arm_msp432_Timer_startupNeeded__C         
0000378c  ti_sysbios_gates_GateMutex_Instance_State_sem__O            
00003790  ti_sysbios_heaps_HeapMem_E_memory__C                        
00003794  ti_sysbios_heaps_HeapMem_Module__gateObj__C                 
00003798  ti_sysbios_heaps_HeapMem_Object__count__C                   
0000379c  ti_sysbios_heaps_HeapMem_primaryHeapBaseAddr__C             
000037a0  ti_sysbios_heaps_HeapMem_primaryHeapEndAddr__C              
000037a4  ti_sysbios_heaps_HeapMem_reqAlign__C                        
000037a8  ti_sysbios_knl_Clock_Module_State_clockQ__O                 
000037ac  ti_sysbios_knl_Idle_funcList__A                             
000037b0  ti_sysbios_knl_Mailbox_Instance_State_freeQue__O            
000037b4  ti_sysbios_knl_Mailbox_Object__count__C                     
000037b8  ti_sysbios_knl_Mailbox_maxTypeAlign__C                      
000037bc  ti_sysbios_knl_Semaphore_Instance_State_pendQ__O            
000037c0  ti_sysbios_knl_Swi_Object__count__C                         
000037c4  ti_sysbios_knl_Task_Module_State_inactiveQ__O               
000037c8  ti_sysbios_knl_Task_Object__count__C                        
000037cc  ti_sysbios_knl_Task_Object__heap__C                         
000037d0  ti_sysbios_knl_Task_allBlockedFunc__C                       
000037d4  ti_sysbios_knl_Task_defaultStackHeap__C                     
000037d8  ti_sysbios_knl_Task_defaultStackSize__C                     
000037dc  ti_sysbios_knl_Task_numConstructedTasks__C                  
000037e0  xdc_runtime_Error_E_memory__C                               
000037e4  xdc_runtime_Error_policyFxn__C                              
000037e8  xdc_runtime_IGateProvider_Interface__BASE__C                
000037ec  xdc_runtime_IHeap_Interface__BASE__C                        
000037f0  xdc_runtime_IModule_Interface__BASE__C                      
000037f4  xdc_runtime_Memory_defaultHeapInstance__C                   
000037f8  xdc_runtime_Startup_execImpl__C                             
000037fc  xdc_runtime_Startup_maxPasses__C                            
00003800  xdc_runtime_Startup_sfxnRts__C                              
00003804  xdc_runtime_Startup_sfxnTab__C                              
00003808  xdc_runtime_SysCallback_abortFxn__C                         
0000380c  xdc_runtime_SysCallback_exitFxn__C                          
00003810  xdc_runtime_System_Module__gateObj__C                       
00003814  xdc_runtime_System_abortFxn__C                              
00003818  xdc_runtime_System_exitFxn__C                               
0000381c  xdc_runtime_System_maxAtexitHandlers__C                     
00003820  xdc_runtime_Text_charTab__C                                 
00003824  xdc_runtime_Text_nameEmpty__C                               
00003828  xdc_runtime_Text_nameStatic__C                              
0000382c  xdc_runtime_Text_nameUnknown__C                             
00003830  ti_sysbios_family_arm_msp432_init_Boot_bypassLFXT__C        
00003832  ti_sysbios_family_arm_msp432_init_Boot_enableHFXT__C        
00003834  ti_sysbios_family_arm_msp432_init_Boot_enableLFXT__C        
00003836  ti_sysbios_heaps_HeapMem_Module__id__C                      
00003838  xdc_runtime_Memory_Module__id__C                            
0000383a  xdc_runtime_Text_charCnt__C                                 
0000383c  xdc_runtime_Text_isLoaded__C                                
0000383e  xdc_runtime_Error_policy__C                                 
0000383f  xdc_runtime_Text_charTab__A                                 
00003840  __TI_static_base__                                          
00003a2c  __TI_Handler_Table_Base                                     
00003a38  __TI_Handler_Table_Limit                                    
00003a40  __TI_CINIT_Base                                             
00003a50  __TI_CINIT_Limit                                            
00008000  HEAPSIZE                                                    
20000000  ti_sysbios_family_arm_m3_Hwi_ramVectors                     
20000140  __primary_heap_start__                                      
20008140  PowerMSP432_perfLevels                                      
20008140  __primary_heap_end__                                        
20008210  ti_sysbios_knl_Swi_Module_State_0_readyQ__A                 
20008290  ti_sysbios_knl_Task_Module_State_0_readyQ__A                
20008310  ti_sysbios_family_arm_msp432_Timer_Object__table__V         
2000835c  ti_sysbios_knl_Task_Object__table__V                        
200083ec  ti_sysbios_knl_Task_Module__state__V                        
20008430  ti_sysbios_gates_GateMutex_Object__table__V                 
20008468  ti_sysbios_family_arm_m3_Hwi_Module__state__V               
2000849c  ti_sysbios_knl_Swi_Object__table__V                         
200084cc  PowerMSP432_module                                          
200084f8  ti_sysbios_knl_Clock_Module__state__V                       
20008524  ti_sysbios_BIOS_Module__state__V                            
20008548  ti_sysbios_family_arm_msp432_Timer_Module_State_0_device__A 
20008568  xdc_runtime_Error_IgnoreBlock                               
20008588  ti_sysbios_knl_Swi_Module__state__V                         
200085a4  ti_sysbios_family_arm_m3_Hwi_Object__table__V               
200085bc  ti_sysbios_heaps_HeapMem_Object__table__V                   
200085d4  ti_sysbios_family_arm_msp432_Timer_Module_State_0_handles__A
200085e4  ti_sysbios_family_arm_msp432_ClockFreqs_Module__state__V    
200085f0  ti_sysbios_family_arm_msp432_Timer_Module__state__V         
200085fc  _lock                                                       
20008600  _unlock                                                     
2000860c  ti_sysbios_gates_GateHwi_Module__root__V                    
20008614  ti_sysbios_gates_GateMutex_Module__root__V                  
2000861c  ti_sysbios_heaps_HeapMem_Module__root__V                    
20008624  ti_sysbios_knl_Queue_Module__root__V                        
2000862c  ti_sysbios_knl_Semaphore_Module__root__V                    
20008634  ti_sysbios_knl_Task_Module__root__V                         
2000863c  xdc_runtime_Startup_Module__state__V                        
20008644  xdc_runtime_System_Module_State_0_atexitHandlers__A         
2000864c  xdc_runtime_System_Module__state__V                         
20008654  main_func_sp                                                
20008658  ti_sysbios_family_arm_m3_Hwi_Module_State_0_excContext__A   
2000865c  ti_sysbios_family_arm_m3_Hwi_Module_State_0_excStack__A     
20008660  ti_sysbios_gates_GateHwi_Object__table__V                   
20008664  ti_sysbios_knl_Task_Module_State_0_idleTask__A              
20008668  xdc_runtime_Memory_Module__state__V                         
2000866c  ti_sysbios_family_arm_m3_Hwi_Module_State_0_excActive__A    
20008670  ti_sysbios_knl_Task_Instance_State_0_stack__A               
20008870  ti_sysbios_family_arm_m3_Hwi_dispatchTable                  
200089b0  adcMSP432Objects                                            
2000fc00  __stack                                                     
20010000  __STACK_END                                                 
4000480c  WDTCTL_SYM                                                  
e000e000  ti_sysbios_family_arm_m3_Hwi_nvic                           
ffffffff  __TI_pprof_out_hndl                                         
ffffffff  __TI_prof_data_size                                         
ffffffff  __TI_prof_data_start                                        
ffffffff  __binit__                                                   
ffffffff  __c_args__                                                  
ffffffff  binit                                                       
UNDEFED   SHT$$INIT_ARRAY$$Base                                       
UNDEFED   SHT$$INIT_ARRAY$$Limit                                      

[442 symbols]
